// Jest Snapshot v1, https://goo.gl/fbAQLP

exports[`Detail Component renders Detail 1`] = `
Array [
  <img
    alt="Kiki"
    src="https://acnhapi.com/v1/images/villagers/46"
  />,
]
`;

exports[`Detail Component renders Detail 2`] = `
<h2>
  Kiki
</h2>
`;

exports[`Detail Component renders Detail 3`] = `
<h3>
  kitty cat
</h3>
`;
